2026-03-25 23:19:27,641 | INFO | Starting scraper
2026-03-25 23:19:29,281 | INFO | Navigating to https://www.booking.com/hotel/gr/solimar-aquamarine-platanias-chania.en-gb.html?
2026-03-25 23:19:31,306 | INFO | Scrolling page with 2 rounds
2026-03-25 23:19:33,125 | INFO | Found 5 RD buttons
2026-03-25 23:19:33,135 | INFO | Processing trigger 0
2026-03-25 23:19:34,499 | INFO | Found 0 visible candidate opened elements
2026-03-25 23:19:35,475 | INFO | Clicked trigger 0
2026-03-25 23:19:36,526 | INFO | Waiting 1500 ms before scanning for opened element
2026-03-25 23:19:38,072 | INFO | Detected new opened element:Selector='[role="dialog"]' index=1
2026-03-25 23:19:38,083 | INFO | Opened element detected for trigger 0
2026-03-25 23:19:38,106 | INFO | saved file: saved_dom\opened_element_000.html
2026-03-25 23:19:38,299 | INFO | saved file: saved_dom\full_page_after_click_000.html
2026-03-25 23:19:38,299 | INFO | attempting to close overlay by clicking near left edge
2026-03-25 23:19:40,696 | INFO | Processing trigger 1
2026-03-25 23:19:40,858 | INFO | Found 1 visible candidate opened elements
2026-03-25 23:19:41,732 | INFO | Clicked trigger 1
2026-03-25 23:19:42,710 | INFO | Waiting 1500 ms before scanning for opened element
2026-03-25 23:19:44,274 | INFO | Detected new opened element:Selector='[role="dialog"]' index=2
2026-03-25 23:19:44,275 | INFO | Opened element detected for trigger 1
2026-03-25 23:19:44,307 | INFO | saved file: saved_dom\opened_element_001.html
2026-03-25 23:19:44,496 | INFO | saved file: saved_dom\full_page_after_click_001.html
2026-03-25 23:19:44,497 | INFO | attempting to close overlay by clicking near left edge
2026-03-25 23:19:46,418 | INFO | Processing trigger 2
2026-03-25 23:19:46,567 | INFO | Found 1 visible candidate opened elements
2026-03-25 23:19:47,658 | INFO | Clicked trigger 2
2026-03-25 23:19:48,460 | INFO | Waiting 1500 ms before scanning for opened element
2026-03-25 23:19:50,043 | INFO | Detected new opened element:Selector='[role="dialog"]' index=2
2026-03-25 23:19:50,044 | INFO | Opened element detected for trigger 2
2026-03-25 23:19:50,070 | INFO | saved file: saved_dom\opened_element_002.html
2026-03-25 23:19:50,258 | INFO | saved file: saved_dom\full_page_after_click_002.html
2026-03-25 23:19:50,259 | INFO | attempting to close overlay by clicking near left edge
2026-03-25 23:19:52,356 | INFO | Processing trigger 3
2026-03-25 23:19:52,502 | INFO | Found 1 visible candidate opened elements
2026-03-25 23:19:53,763 | INFO | Clicked trigger 3
2026-03-25 23:19:54,658 | INFO | Waiting 1500 ms before scanning for opened element
2026-03-25 23:19:56,229 | INFO | Detected new opened element:Selector='[role="dialog"]' index=2
2026-03-25 23:19:56,230 | INFO | Opened element detected for trigger 3
2026-03-25 23:19:56,251 | INFO | saved file: saved_dom\opened_element_003.html
2026-03-25 23:19:56,462 | INFO | saved file: saved_dom\full_page_after_click_003.html
2026-03-25 23:19:56,463 | INFO | attempting to close overlay by clicking near left edge
2026-03-25 23:19:58,781 | INFO | Processing trigger 4
2026-03-25 23:19:58,953 | INFO | Found 1 visible candidate opened elements
2026-03-25 23:20:00,209 | INFO | Clicked trigger 4
2026-03-25 23:20:01,711 | INFO | Waiting 1500 ms before scanning for opened element
2026-03-25 23:20:03,290 | INFO | Detected new opened element:Selector='[role="dialog"]' index=2
2026-03-25 23:20:03,290 | INFO | Opened element detected for trigger 4
2026-03-25 23:20:03,313 | INFO | saved file: saved_dom\opened_element_004.html
2026-03-25 23:20:03,486 | INFO | saved file: saved_dom\full_page_after_click_004.html
2026-03-25 23:20:03,487 | INFO | attempting to close overlay by clicking near left edge
2026-03-25 23:20:08,699 | INFO | closing  browser
2026-03-25 23:20:09,250 | INFO | Finished
